// Jest Snapshot v1, https://goo.gl/fbAQLP

exports[`Message renders 1`] = `
<div>
  <div
    class="euiFormRow"
    id="actions.0.subject_template.source-row"
  >
    <label
      aria-invalid="false"
      class="euiFormLabel"
      for="actions.0.subject_template.source"
    >
      Message subject
    </label>
    <div
      class="euiFormControlLayout"
    >
      <div
        class="euiFormControlLayout__childrenWrapper"
      >
        <input
          class="euiFieldText"
          name="actions.0.subject_template.source"
          type="text"
        />
      </div>
    </div>
  </div>
  <div
    class="euiFormRow"
    id="actions.0.message_template.source-row"
    style="max-width:100%"
  >
    <label
      aria-invalid="false"
      class="euiFormLabel"
      for="actions.0.message_template.source"
    >
      <div>
        <span>
          Message
        </span>
        <button
          class="euiButtonEmpty euiButtonEmpty--primary euiButtonEmpty--small"
          type="button"
        >
          <span
            class="euiButtonEmpty__content"
          >
            <span
              class="euiButtonEmpty__text"
            >
              Info
            </span>
          </span>
        </button>
      </div>
    </label>
    <textarea
      class="euiTextArea euiTextArea--resizeVertical euiTextArea--fullWidth"
      name="actions.0.message_template.source"
      placeholder="Can use mustache templates"
      rows="6"
    />
    <div
      class="euiFormHelpText euiFormRow__text"
      id="actions.0.message_template.source-help"
    >
      <div
        class="euiFlexGroup euiFlexGroup--gutterLarge euiFlexGroup--alignItemsCenter euiFlexGroup--justifyContentSpaceBetween euiFlexGroup--directionRow euiFlexGroup--responsive"
      >
        <div
          class="euiFlexItem"
        >
          <div
            class="euiText euiText--extraSmall"
          >
            Embed variables in your message using Mustache templates. 
            <a
              href="https://mustache.github.io/mustache.5.html"
            >
              Learn more about Mustache.
            </a>
          </div>
        </div>
        <div
          class="euiFlexItem euiFlexItem--flexGrowZero"
        >
          <div
            class="euiText euiText--extraSmall"
          >
            <button
              class="euiButtonEmpty euiButtonEmpty--primary"
              type="button"
            >
              <span
                class="euiButtonEmpty__content"
              >
                <span
                  class="euiButtonEmpty__text"
                >
                  Send test message
                </span>
              </span>
            </button>
          </div>
        </div>
      </div>
    </div>
  </div>
  <div
    class="euiFormRow"
    id="testing-id-row"
    style="max-width:100%"
  >
    <label
      class="euiFormLabel"
      for="testing-id"
    >
      Message preview
    </label>
    <textarea
      class="euiTextArea euiTextArea--resizeVertical euiTextArea--fullWidth read-only-text-area"
      id="testing-id"
      placeholder="Preview of mustache template"
      readonly=""
      rows="6"
    >
      Monitor  just entered alert status. Please investigate the issue.
- Trigger: 
- Severity: 
- Period start: 
- Period end: 
    </textarea>
  </div>
  <div
    class="euiSpacer euiSpacer--s"
  />
  <div
    class="euiFormRow"
    id="testing-id-row"
    style="max-width:100%"
  >
    <label
      class="euiFormLabel"
      for="testing-id"
    >
      <div>
        <span>
          Action throttling
        </span>
        <button
          class="euiButtonEmpty euiButtonEmpty--primary euiButtonEmpty--small"
          type="button"
        >
          <span
            class="euiButtonEmpty__content"
          >
            <span
              class="euiButtonEmpty__text"
            >
              Info
            </span>
          </span>
        </button>
      </div>
    </label>
    <div
      class="euiFlexGroup euiFlexGroup--gutterLarge euiFlexGroup--alignItemsCenter euiFlexGroup--directionRow euiFlexGroup--responsive"
      id="testing-id"
    >
      <div
        class="euiFlexItem euiFlexItem--flexGrowZero"
        style="margin-right:0px"
      >
        <div
          class="euiSwitch"
        >
          <input
            class="euiSwitch__input"
            id="actions.0.throttle_enabled"
            name="actions.0.throttle_enabled"
            type="checkbox"
          />
          <span
            class="euiSwitch__body"
          >
            <span
              class="euiSwitch__thumb"
            />
            <span
              class="euiSwitch__track"
            >
              <svg
                class="euiIcon euiIcon--medium euiSwitch__icon"
                focusable="false"
                height="16"
                viewBox="0 0 16 16"
                width="16"
                xmlns="http://www.w3.org/2000/svg"
              >
                <path
                  d="M7.293 8L3.146 3.854a.5.5 0 1 1 .708-.708L8 7.293l4.146-4.147a.5.5 0 0 1 .708.708L8.707 8l4.147 4.146a.5.5 0 0 1-.708.708L8 8.707l-4.146 4.147a.5.5 0 0 1-.708-.708L7.293 8z"
                />
              </svg>
              <svg
                class="euiIcon euiIcon--medium euiSwitch__icon euiSwitch__icon--checked"
                focusable="false"
                height="16"
                viewBox="0 0 16 16"
                width="16"
                xmlns="http://www.w3.org/2000/svg"
              >
                <path
                  d="M6.5 12a.502.502 0 0 1-.354-.146l-4-4a.502.502 0 0 1 .708-.708L6.5 10.793l6.646-6.647a.502.502 0 0 1 .708.708l-7 7A.502.502 0 0 1 6.5 12"
                  fill-rule="evenodd"
                />
              </svg>
            </span>
          </span>
          <label
            class="euiSwitch__label"
            for="actions.0.throttle_enabled"
          >
            Maximum Frequency
          </label>
        </div>
      </div>
      <div
        class="euiFlexItem euiFlexItem--flexGrowZero"
        style="margin-left:4px;margin-right:4px"
      >
        <div
          class="euiFormControlLayout euiFormControlLayout--compressed"
        >
          <div
            class="euiFormControlLayout__childrenWrapper"
          >
            <input
              class="euiFieldNumber euiFieldNumber--compressed"
              disabled=""
              min="1"
              name="actions.0.throttle.value"
              style="width:100px"
              type="number"
            />
          </div>
        </div>
      </div>
      <div
        class="euiFlexItem euiFlexItem--flexGrowZero"
        style="margin-left:0px"
      >
        <div
          class="euiText euiText--small"
        >
          minutes.
        </div>
      </div>
    </div>
  </div>
</div>
`;
