// Jest Snapshot v1, https://goo.gl/fbAQLP

exports[`Home renders 1`] = `
<div>
  <div
    class="euiTabs"
    role="tablist"
  >
    <button
      aria-selected="true"
      class="euiTab euiTab-isSelected"
      role="tab"
      type="button"
    >
      <span
        class="euiTab__content"
      >
        Dashboard
      </span>
    </button>
    <button
      aria-selected="false"
      class="euiTab"
      role="tab"
      type="button"
    >
      <span
        class="euiTab__content"
      >
        Monitors
      </span>
    </button>
    <button
      aria-selected="false"
      class="euiTab"
      role="tab"
      type="button"
    >
      <span
        class="euiTab__content"
      >
        Destinations
      </span>
    </button>
  </div>
  <div
    style="padding:25px 25px"
  />
</div>
`;
