// Jest Snapshot v1, https://goo.gl/fbAQLP

exports[`WhenExpression renders 1`] = `
<div
  class="euiPopover euiPopover--anchorDownLeft euiPopover--withTitle"
  id="when-popover"
>
  <div
    class="euiPopover__anchor"
  >
    <button
      class="euiExpressionButton"
    >
      <span
        class="euiExpressionButton__description"
      >
        when
      </span>
       
      <span
        class="euiExpressionButton__value"
      >
        count()
      </span>
    </button>
  </div>
</div>
`;
