// Jest Snapshot v1, https://goo.gl/fbAQLP

exports[`MonitorDefinition renders 1`] = `
<div
  class="euiFormRow"
  id="searchType-row"
  style="padding-left:10px"
>
  <div>
    <label
      class="euiFormLabel"
      for="searchType"
    >
      How do you want to define the monitor?
    </label>
  </div>
  <div
    class="euiFormControlLayout"
  >
    <div
      class="euiFormControlLayout__childrenWrapper"
    >
      <select
        class="euiSelect"
        id="searchType"
        name="searchType"
      >
        <option
          value="graph"
        >
          Define using visual graph
        </option>
        <option
          value="query"
        >
          Define using extraction query
        </option>
      </select>
      <div
        class="euiFormControlLayoutIcons euiFormControlLayoutIcons--right"
      >
        <span
          class="euiFormControlLayoutCustomIcon"
        >
          <svg
            aria-hidden="true"
            class="euiIcon euiIcon--medium euiIcon-isLoading euiFormControlLayoutCustomIcon__icon"
            focusable="false"
            height="16"
            viewBox="0 0 16 16"
            width="16"
            xmlns="http://www.w3.org/2000/svg"
          />
        </span>
      </div>
    </div>
  </div>
</div>
`;
