// Jest Snapshot v1, https://goo.gl/fbAQLP

exports[`MonitorDefinition renders 1`] = `
<div
  class="euiFormRow"
  id="searchType-form-row-row"
  style="padding-left:10px"
>
  <div
    class="euiFormRow__labelWrapper"
  >
    <label
      class="euiFormLabel euiFormRow__label"
      for="searchType-form-row"
    >
      Define the monitor
    </label>
  </div>
  <div
    class="euiFormRow__fieldWrapper"
  >
    <div
      class="euiFormControlLayout"
    >
      <div
        class="euiFormControlLayout__childrenWrapper"
      >
        <select
          class="euiSelect"
          id="searchType"
          name="searchType"
        >
          <option
            value="graph"
          >
            Define using visual graph
          </option>
          <option
            value="query"
          >
            Define using extraction query
          </option>
        </select>
        <div
          class="euiFormControlLayoutIcons euiFormControlLayoutIcons--right"
        >
          <span
            class="euiFormControlLayoutCustomIcon"
          >
            <div>
              EuiIconMock
            </div>
          </span>
        </div>
      </div>
    </div>
  </div>
</div>
`;
