// Jest Snapshot v1, https://goo.gl/fbAQLP

exports[`MonitorState renders 1`] = `
Array [
  <h4
    class="euiTitle euiTitle--xsmall"
    style="padding-left:10px"
  >
    Monitor state
  </h4>,
  <hr
    class="euiHorizontalRule euiHorizontalRule--full euiHorizontalRule--marginXSmall"
  />,
  <div
    class="euiText euiText--extraSmall"
    style="padding-left:10px"
  >
    <span>
      Disabled monitors do not run.
    </span>
  </div>,
  <div
    class="euiSpacer euiSpacer--s"
  />,
  <div
    class="euiFormRow"
    id="disabled-row"
    style="padding-left:10px"
  >
    <div
      class="euiCheckbox"
    >
      <input
        class="euiCheckbox__input"
        id="disabled"
        name="disabled"
        type="checkbox"
      />
      <div
        class="euiCheckbox__square"
      />
      <label
        class="euiCheckbox__label"
        for="disabled"
      >
        Disable monitor
      </label>
    </div>
  </div>,
]
`;
