// Jest Snapshot v1, https://goo.gl/fbAQLP

exports[`FormikFieldPassword renders 1`] = `
<div
  class="euiFormControlLayout"
>
  <div
    class="euiFormControlLayout__childrenWrapper"
  >
    <input
      class="euiFieldPassword"
      name="testing"
      type="password"
    />
    <div
      class="euiFormControlLayoutIcons"
    >
      <span
        class="euiFormControlLayoutCustomIcon"
      >
        <div>
          EuiIconMock
        </div>
      </span>
    </div>
  </div>
</div>
`;
