// Jest Snapshot v1, https://goo.gl/fbAQLP

exports[`FormikFieldPassword renders 1`] = `
<div
  class="euiFormControlLayout"
>
  <div
    class="euiFormControlLayout__childrenWrapper"
  >
    <input
      class="euiFieldPassword"
      name="testing"
      type="password"
    />
    <div
      class="euiFormControlLayoutIcons"
    >
      <span
        class="euiFormControlLayoutCustomIcon"
      >
        <svg
          aria-hidden="true"
          class="euiIcon euiIcon--medium euiIcon-isLoading euiFormControlLayoutCustomIcon__icon"
          focusable="false"
          height="16"
          viewBox="0 0 16 16"
          width="16"
          xmlns="http://www.w3.org/2000/svg"
        />
      </span>
    </div>
  </div>
</div>
`;
