// Jest Snapshot v1, https://goo.gl/fbAQLP

exports[`FormikSelect renders 1`] = `
<div
  class="euiFormControlLayout"
>
  <div
    class="euiFormControlLayout__childrenWrapper"
  >
    <select
      class="euiSelect"
      id="testing"
      name="testing"
    >
      <option
        value="test"
      >
        test
      </option>
    </select>
    <div
      class="euiFormControlLayoutIcons euiFormControlLayoutIcons--right"
    >
      <span
        class="euiFormControlLayoutCustomIcon"
      >
        <svg
          aria-hidden="true"
          class="euiIcon euiIcon--medium euiIcon-isLoading euiFormControlLayoutCustomIcon__icon"
          focusable="false"
          height="16"
          viewBox="0 0 16 16"
          width="16"
          xmlns="http://www.w3.org/2000/svg"
        />
      </span>
    </div>
  </div>
</div>
`;
