// Jest Snapshot v1, https://goo.gl/fbAQLP

exports[`AnomalyDetectors renders 1`] = `
<Formik
  enableReinitialize={false}
  initialValues={
    Object {
      "aggregationType": "count",
      "bucketUnitOfTime": "h",
      "bucketValue": 1,
      "cronExpression": "0 */1 * * *",
      "daily": 0,
      "detectorId": "",
      "disabled": false,
      "fieldName": Array [],
      "frequency": "interval",
      "groupedOverFieldName": "bytes",
      "groupedOverTop": 5,
      "index": Array [],
      "monthly": Object {
        "day": 1,
        "type": "day",
      },
      "name": "",
      "overDocuments": "all documents",
      "period": Object {
        "interval": 1,
        "unit": "MINUTES",
      },
      "query": "{
    \\"size\\": 0,
    \\"query\\": {
        \\"match_all\\": {}
    }
}",
      "searchType": "graph",
      "timeField": "",
      "timezone": Array [],
      "weekly": Object {
        "fri": false,
        "mon": false,
        "sat": false,
        "sun": false,
        "thur": false,
        "tue": false,
        "wed": false,
      },
      "where": Object {
        "fieldName": Array [],
        "fieldRangeEnd": 0,
        "fieldRangeStart": 0,
        "fieldValue": "",
        "operator": "is",
      },
    }
  }
  isInitialValid={false}
  render={[Function]}
  validateOnBlur={true}
  validateOnChange={true}
>
  <AnomalyDetectors
    renderEmptyMessage={[MockFunction]}
    values={
      Object {
        "aggregationType": "count",
        "bucketUnitOfTime": "h",
        "bucketValue": 1,
        "cronExpression": "0 */1 * * *",
        "daily": 0,
        "detectorId": "",
        "disabled": false,
        "fieldName": Array [],
        "frequency": "interval",
        "groupedOverFieldName": "bytes",
        "groupedOverTop": 5,
        "index": Array [],
        "monthly": Object {
          "day": 1,
          "type": "day",
        },
        "name": "",
        "overDocuments": "all documents",
        "period": Object {
          "interval": 1,
          "unit": "MINUTES",
        },
        "query": "{
    \\"size\\": 0,
    \\"query\\": {
        \\"match_all\\": {}
    }
}",
        "searchType": "graph",
        "timeField": "",
        "timezone": Array [],
        "weekly": Object {
          "fri": false,
          "mon": false,
          "sat": false,
          "sun": false,
          "thur": false,
          "tue": false,
          "wed": false,
        },
        "where": Object {
          "fieldName": Array [],
          "fieldRangeEnd": 0,
          "fieldRangeStart": 0,
          "fieldValue": "",
          "operator": "is",
        },
      }
    }
  >
    <div
      style={
        Object {
          "maxWidth": "390px",
        }
      }
    >
      <FormikComboBox
        fieldProps={
          Object {
            "validate": [Function],
          }
        }
        formRow={true}
        inputProps={
          Object {
            "isClearable": false,
            "onBlur": [Function],
            "onChange": [Function],
            "options": Array [],
            "placeholder": "Select a detector",
            "selectedOptions": Array [],
            "singleSelection": Object {
              "asPlaintext": true,
            },
          }
        }
        name="detectorId"
        rowProps={
          Object {
            "error": [Function],
            "isInvalid": [Function],
            "label": "Detector",
          }
        }
      >
        <FormikInputWrapper
          fieldProps={
            Object {
              "validate": [Function],
            }
          }
          name="detectorId"
          render={[Function]}
        >
          <C
            name="detectorId"
            render={[Function]}
            validate={[Function]}
          >
            <FieldInner
              formik={
                Object {
                  "dirty": false,
                  "errors": Object {},
                  "handleBlur": [Function],
                  "handleChange": [Function],
                  "handleReset": [Function],
                  "handleSubmit": [Function],
                  "initialValues": Object {
                    "aggregationType": "count",
                    "bucketUnitOfTime": "h",
                    "bucketValue": 1,
                    "cronExpression": "0 */1 * * *",
                    "daily": 0,
                    "detectorId": "",
                    "disabled": false,
                    "fieldName": Array [],
                    "frequency": "interval",
                    "groupedOverFieldName": "bytes",
                    "groupedOverTop": 5,
                    "index": Array [],
                    "monthly": Object {
                      "day": 1,
                      "type": "day",
                    },
                    "name": "",
                    "overDocuments": "all documents",
                    "period": Object {
                      "interval": 1,
                      "unit": "MINUTES",
                    },
                    "query": "{
    \\"size\\": 0,
    \\"query\\": {
        \\"match_all\\": {}
    }
}",
                    "searchType": "graph",
                    "timeField": "",
                    "timezone": Array [],
                    "weekly": Object {
                      "fri": false,
                      "mon": false,
                      "sat": false,
                      "sun": false,
                      "thur": false,
                      "tue": false,
                      "wed": false,
                    },
                    "where": Object {
                      "fieldName": Array [],
                      "fieldRangeEnd": 0,
                      "fieldRangeStart": 0,
                      "fieldValue": "",
                      "operator": "is",
                    },
                  },
                  "isSubmitting": false,
                  "isValid": false,
                  "isValidating": false,
                  "registerField": [Function],
                  "resetForm": [Function],
                  "setError": [Function],
                  "setErrors": [Function],
                  "setFieldError": [Function],
                  "setFieldTouched": [Function],
                  "setFieldValue": [Function],
                  "setFormikState": [Function],
                  "setStatus": [Function],
                  "setSubmitting": [Function],
                  "setTouched": [Function],
                  "setValues": [Function],
                  "submitCount": 0,
                  "submitForm": [Function],
                  "touched": Object {},
                  "unregisterField": [Function],
                  "validate": undefined,
                  "validateField": [Function],
                  "validateForm": [Function],
                  "validateOnBlur": true,
                  "validateOnChange": true,
                  "validationSchema": undefined,
                  "values": Object {
                    "aggregationType": "count",
                    "bucketUnitOfTime": "h",
                    "bucketValue": 1,
                    "cronExpression": "0 */1 * * *",
                    "daily": 0,
                    "detectorId": "",
                    "disabled": false,
                    "fieldName": Array [],
                    "frequency": "interval",
                    "groupedOverFieldName": "bytes",
                    "groupedOverTop": 5,
                    "index": Array [],
                    "monthly": Object {
                      "day": 1,
                      "type": "day",
                    },
                    "name": "",
                    "overDocuments": "all documents",
                    "period": Object {
                      "interval": 1,
                      "unit": "MINUTES",
                    },
                    "query": "{
    \\"size\\": 0,
    \\"query\\": {
        \\"match_all\\": {}
    }
}",
                    "searchType": "graph",
                    "timeField": "",
                    "timezone": Array [],
                    "weekly": Object {
                      "fri": false,
                      "mon": false,
                      "sat": false,
                      "sun": false,
                      "thur": false,
                      "tue": false,
                      "wed": false,
                    },
                    "where": Object {
                      "fieldName": Array [],
                      "fieldRangeEnd": 0,
                      "fieldRangeStart": 0,
                      "fieldValue": "",
                      "operator": "is",
                    },
                  },
                }
              }
              name="detectorId"
              render={[Function]}
              validate={[Function]}
            >
              <FormikFormRow
                form={
                  Object {
                    "dirty": false,
                    "errors": Object {},
                    "handleBlur": [Function],
                    "handleChange": [Function],
                    "handleReset": [Function],
                    "handleSubmit": [Function],
                    "initialValues": Object {
                      "aggregationType": "count",
                      "bucketUnitOfTime": "h",
                      "bucketValue": 1,
                      "cronExpression": "0 */1 * * *",
                      "daily": 0,
                      "detectorId": "",
                      "disabled": false,
                      "fieldName": Array [],
                      "frequency": "interval",
                      "groupedOverFieldName": "bytes",
                      "groupedOverTop": 5,
                      "index": Array [],
                      "monthly": Object {
                        "day": 1,
                        "type": "day",
                      },
                      "name": "",
                      "overDocuments": "all documents",
                      "period": Object {
                        "interval": 1,
                        "unit": "MINUTES",
                      },
                      "query": "{
    \\"size\\": 0,
    \\"query\\": {
        \\"match_all\\": {}
    }
}",
                      "searchType": "graph",
                      "timeField": "",
                      "timezone": Array [],
                      "weekly": Object {
                        "fri": false,
                        "mon": false,
                        "sat": false,
                        "sun": false,
                        "thur": false,
                        "tue": false,
                        "wed": false,
                      },
                      "where": Object {
                        "fieldName": Array [],
                        "fieldRangeEnd": 0,
                        "fieldRangeStart": 0,
                        "fieldValue": "",
                        "operator": "is",
                      },
                    },
                    "isSubmitting": false,
                    "isValid": false,
                    "isValidating": false,
                    "registerField": [Function],
                    "resetForm": [Function],
                    "setError": [Function],
                    "setErrors": [Function],
                    "setFieldError": [Function],
                    "setFieldTouched": [Function],
                    "setFieldValue": [Function],
                    "setFormikState": [Function],
                    "setStatus": [Function],
                    "setSubmitting": [Function],
                    "setTouched": [Function],
                    "setValues": [Function],
                    "submitCount": 0,
                    "submitForm": [Function],
                    "touched": Object {},
                    "unregisterField": [Function],
                    "validateField": [Function],
                    "validateForm": [Function],
                    "validateOnBlur": true,
                    "validateOnChange": true,
                    "values": Object {
                      "aggregationType": "count",
                      "bucketUnitOfTime": "h",
                      "bucketValue": 1,
                      "cronExpression": "0 */1 * * *",
                      "daily": 0,
                      "detectorId": "",
                      "disabled": false,
                      "fieldName": Array [],
                      "frequency": "interval",
                      "groupedOverFieldName": "bytes",
                      "groupedOverTop": 5,
                      "index": Array [],
                      "monthly": Object {
                        "day": 1,
                        "type": "day",
                      },
                      "name": "",
                      "overDocuments": "all documents",
                      "period": Object {
                        "interval": 1,
                        "unit": "MINUTES",
                      },
                      "query": "{
    \\"size\\": 0,
    \\"query\\": {
        \\"match_all\\": {}
    }
}",
                      "searchType": "graph",
                      "timeField": "",
                      "timezone": Array [],
                      "weekly": Object {
                        "fri": false,
                        "mon": false,
                        "sat": false,
                        "sun": false,
                        "thur": false,
                        "tue": false,
                        "wed": false,
                      },
                      "where": Object {
                        "fieldName": Array [],
                        "fieldRangeEnd": 0,
                        "fieldRangeStart": 0,
                        "fieldValue": "",
                        "operator": "is",
                      },
                    },
                  }
                }
                name="detectorId"
                rowProps={
                  Object {
                    "error": [Function],
                    "isInvalid": [Function],
                    "label": "Detector",
                  }
                }
              >
                <EuiFormRow
                  describedByIds={Array []}
                  display="row"
                  fullWidth={false}
                  hasChildLabel={true}
                  hasEmptyLabelSpace={false}
                  id="detectorId-form-row"
                  isInvalid={false}
                  label="Detector"
                  labelType="label"
                >
                  <div
                    className="euiFormRow"
                    id="detectorId-form-row-row"
                  >
                    <div
                      className="euiFormRow__labelWrapper"
                    >
                      <EuiFormLabel
                        aria-invalid={false}
                        className="euiFormRow__label"
                        htmlFor="detectorId-form-row"
                        isFocused={false}
                        isInvalid={false}
                        type="label"
                      >
                        <label
                          aria-invalid={false}
                          className="euiFormLabel euiFormRow__label"
                          htmlFor="detectorId-form-row"
                        >
                          Detector
                        </label>
                      </EuiFormLabel>
                    </div>
                    <div
                      className="euiFormRow__fieldWrapper"
                    >
                      <ComboBox
                        field={
                          Object {
                            "name": "detectorId",
                            "onBlur": [Function],
                            "onChange": [Function],
                            "value": "",
                          }
                        }
                        form={
                          Object {
                            "dirty": false,
                            "errors": Object {},
                            "handleBlur": [Function],
                            "handleChange": [Function],
                            "handleReset": [Function],
                            "handleSubmit": [Function],
                            "initialValues": Object {
                              "aggregationType": "count",
                              "bucketUnitOfTime": "h",
                              "bucketValue": 1,
                              "cronExpression": "0 */1 * * *",
                              "daily": 0,
                              "detectorId": "",
                              "disabled": false,
                              "fieldName": Array [],
                              "frequency": "interval",
                              "groupedOverFieldName": "bytes",
                              "groupedOverTop": 5,
                              "index": Array [],
                              "monthly": Object {
                                "day": 1,
                                "type": "day",
                              },
                              "name": "",
                              "overDocuments": "all documents",
                              "period": Object {
                                "interval": 1,
                                "unit": "MINUTES",
                              },
                              "query": "{
    \\"size\\": 0,
    \\"query\\": {
        \\"match_all\\": {}
    }
}",
                              "searchType": "graph",
                              "timeField": "",
                              "timezone": Array [],
                              "weekly": Object {
                                "fri": false,
                                "mon": false,
                                "sat": false,
                                "sun": false,
                                "thur": false,
                                "tue": false,
                                "wed": false,
                              },
                              "where": Object {
                                "fieldName": Array [],
                                "fieldRangeEnd": 0,
                                "fieldRangeStart": 0,
                                "fieldValue": "",
                                "operator": "is",
                              },
                            },
                            "isSubmitting": false,
                            "isValid": false,
                            "isValidating": false,
                            "registerField": [Function],
                            "resetForm": [Function],
                            "setError": [Function],
                            "setErrors": [Function],
                            "setFieldError": [Function],
                            "setFieldTouched": [Function],
                            "setFieldValue": [Function],
                            "setFormikState": [Function],
                            "setStatus": [Function],
                            "setSubmitting": [Function],
                            "setTouched": [Function],
                            "setValues": [Function],
                            "submitCount": 0,
                            "submitForm": [Function],
                            "touched": Object {},
                            "unregisterField": [Function],
                            "validateField": [Function],
                            "validateForm": [Function],
                            "validateOnBlur": true,
                            "validateOnChange": true,
                            "values": Object {
                              "aggregationType": "count",
                              "bucketUnitOfTime": "h",
                              "bucketValue": 1,
                              "cronExpression": "0 */1 * * *",
                              "daily": 0,
                              "detectorId": "",
                              "disabled": false,
                              "fieldName": Array [],
                              "frequency": "interval",
                              "groupedOverFieldName": "bytes",
                              "groupedOverTop": 5,
                              "index": Array [],
                              "monthly": Object {
                                "day": 1,
                                "type": "day",
                              },
                              "name": "",
                              "overDocuments": "all documents",
                              "period": Object {
                                "interval": 1,
                                "unit": "MINUTES",
                              },
                              "query": "{
    \\"size\\": 0,
    \\"query\\": {
        \\"match_all\\": {}
    }
}",
                              "searchType": "graph",
                              "timeField": "",
                              "timezone": Array [],
                              "weekly": Object {
                                "fri": false,
                                "mon": false,
                                "sat": false,
                                "sun": false,
                                "thur": false,
                                "tue": false,
                                "wed": false,
                              },
                              "where": Object {
                                "fieldName": Array [],
                                "fieldRangeEnd": 0,
                                "fieldRangeStart": 0,
                                "fieldValue": "",
                                "operator": "is",
                              },
                            },
                          }
                        }
                        id="detectorId-form-row"
                        inputProps={
                          Object {
                            "isClearable": false,
                            "onBlur": [Function],
                            "onChange": [Function],
                            "options": Array [],
                            "placeholder": "Select a detector",
                            "selectedOptions": Array [],
                            "singleSelection": Object {
                              "asPlaintext": true,
                            },
                          }
                        }
                        name="detectorId"
                        onBlur={[Function]}
                        onFocus={[Function]}
                      >
                        <EuiComboBox
                          async={false}
                          compressed={false}
                          fullWidth={false}
                          id="detectorId"
                          isClearable={false}
                          name="detectorId"
                          onBlur={[Function]}
                          onChange={[Function]}
                          options={Array []}
                          placeholder="Select a detector"
                          selectedOptions={Array []}
                          singleSelection={
                            Object {
                              "asPlaintext": true,
                            }
                          }
                        >
                          <div
                            aria-expanded={false}
                            aria-haspopup="listbox"
                            className="euiComboBox"
                            name="detectorId"
                            onKeyDown={[Function]}
                            role="combobox"
                          >
                            <EuiComboBoxInput
                              autoSizeInputRef={[Function]}
                              compressed={false}
                              fullWidth={false}
                              hasSelectedOptions={false}
                              id="detectorId"
                              inputRef={[Function]}
                              isListOpen={false}
                              noIcon={false}
                              onChange={[Function]}
                              onClick={[Function]}
                              onCloseListClick={[Function]}
                              onFocus={[Function]}
                              onOpenListClick={[Function]}
                              onRemoveOption={[Function]}
                              placeholder="Select a detector"
                              rootId={[Function]}
                              searchValue=""
                              selectedOptions={Array []}
                              singleSelection={
                                Object {
                                  "asPlaintext": true,
                                }
                              }
                              toggleButtonRef={[Function]}
                              updatePosition={[Function]}
                              value=""
                            >
                              <EuiFormControlLayout
                                compressed={false}
                                fullWidth={false}
                                icon={
                                  Object {
                                    "aria-label": "Open list of options",
                                    "data-test-subj": "comboBoxToggleListButton",
                                    "disabled": undefined,
                                    "onClick": [Function],
                                    "ref": [Function],
                                    "side": "right",
                                    "type": "arrowDown",
                                  }
                                }
                              >
                                <div
                                  className="euiFormControlLayout"
                                >
                                  <div
                                    className="euiFormControlLayout__childrenWrapper"
                                  >
                                    <div
                                      className="euiComboBox__inputWrap euiComboBox__inputWrap--noWrap"
                                      data-test-subj="comboBoxInput"
                                      onClick={[Function]}
                                      tabIndex={-1}
                                    >
                                      <p
                                        className="euiComboBoxPlaceholder"
                                      >
                                        Select a detector
                                      </p>
                                      <AutosizeInput
                                        aria-controls=""
                                        className="euiComboBox__input"
                                        data-test-subj="comboBoxSearchInput"
                                        id="detectorId"
                                        injectStyles={true}
                                        inputRef={[Function]}
                                        minWidth={1}
                                        onBlur={[Function]}
                                        onChange={[Function]}
                                        onFocus={[Function]}
                                        role="textbox"
                                        style={
                                          Object {
                                            "fontSize": 14,
                                          }
                                        }
                                        value=""
                                      >
                                        <div
                                          className="euiComboBox__input"
                                          style={
                                            Object {
                                              "display": "inline-block",
                                              "fontSize": 14,
                                            }
                                          }
                                        >
                                          <input
                                            aria-controls=""
                                            data-test-subj="comboBoxSearchInput"
                                            id="detectorId"
                                            onBlur={[Function]}
                                            onChange={[Function]}
                                            onFocus={[Function]}
                                            role="textbox"
                                            style={
                                              Object {
                                                "boxSizing": "content-box",
                                                "width": "2px",
                                              }
                                            }
                                            value=""
                                          />
                                          <div
                                            style={
                                              Object {
                                                "height": 0,
                                                "left": 0,
                                                "overflow": "scroll",
                                                "position": "absolute",
                                                "top": 0,
                                                "visibility": "hidden",
                                                "whiteSpace": "pre",
                                              }
                                            }
                                          />
                                        </div>
                                      </AutosizeInput>
                                    </div>
                                    <EuiFormControlLayoutIcons
                                      icon={
                                        Object {
                                          "aria-label": "Open list of options",
                                          "data-test-subj": "comboBoxToggleListButton",
                                          "disabled": undefined,
                                          "onClick": [Function],
                                          "ref": [Function],
                                          "side": "right",
                                          "type": "arrowDown",
                                        }
                                      }
                                    >
                                      <div
                                        className="euiFormControlLayoutIcons euiFormControlLayoutIcons--right"
                                      >
                                        <EuiFormControlLayoutCustomIcon
                                          aria-label="Open list of options"
                                          data-test-subj="comboBoxToggleListButton"
                                          iconRef={[Function]}
                                          onClick={[Function]}
                                          type="arrowDown"
                                        >
                                          <button
                                            aria-label="Open list of options"
                                            className="euiFormControlLayoutCustomIcon euiFormControlLayoutCustomIcon--clickable"
                                            data-test-subj="comboBoxToggleListButton"
                                            onClick={[Function]}
                                            type="button"
                                          >
                                            <EuiIcon
                                              aria-hidden="true"
                                              className="euiFormControlLayoutCustomIcon__icon"
                                              type="arrowDown"
                                            >
                                              <div>
                                                EuiIconMock
                                              </div>
                                            </EuiIcon>
                                          </button>
                                        </EuiFormControlLayoutCustomIcon>
                                      </div>
                                    </EuiFormControlLayoutIcons>
                                  </div>
                                </div>
                              </EuiFormControlLayout>
                            </EuiComboBoxInput>
                          </div>
                        </EuiComboBox>
                      </ComboBox>
                    </div>
                  </div>
                </EuiFormRow>
              </FormikFormRow>
            </FieldInner>
          </C>
        </FormikInputWrapper>
      </FormikComboBox>
    </div>
  </AnomalyDetectors>
</Formik>
`;
