// Jest Snapshot v1, https://goo.gl/fbAQLP

exports[`<DestinationsActions /> should render DestinationsActions 1`] = `
<div
  class="euiFlexGroup euiFlexGroup--gutterLarge euiFlexGroup--alignItemsCenter euiFlexGroup--justifyContentSpaceBetween euiFlexGroup--directionRow euiFlexGroup--responsive"
>
  <div
    class="euiFlexItem"
  >
    <div
      class="euiPopover euiPopover--anchorDownLeft"
      id="destinationActionsPopover"
    >
      <div
        class="euiPopover__anchor"
      >
        <button
          class="euiButton euiButton--primary"
          type="button"
        >
          <span
            class="euiButtonContent euiButtonContent--iconRight euiButton__content"
          >
            <div>
              EuiIconMock
            </div>
            <span
              class="euiButton__text"
            >
              Actions
            </span>
          </span>
        </button>
      </div>
    </div>
  </div>
  <div
    class="euiFlexItem euiFlexItem--flexGrowZero"
  >
    <a
      class="euiButton euiButton--primary euiButton--fill"
      href="opendistro-alerting#/create-destination"
      rel="noreferrer"
    >
      <span
        class="euiButtonContent euiButton__content"
      >
        <span
          class="euiButton__text"
        >
          Add destination
        </span>
      </span>
    </a>
  </div>
</div>
`;
