// Jest Snapshot v1, https://goo.gl/fbAQLP

exports[`FormikSwitch renders 1`] = `
<div
  class="euiSwitch"
>
  <input
    class="euiSwitch__input"
    id="testing"
    name="testing"
    type="checkbox"
  />
  <span
    class="euiSwitch__body"
  >
    <span
      class="euiSwitch__thumb"
    />
    <span
      class="euiSwitch__track"
    >
      <div>
        EuiIconMock
      </div>
      <div>
        EuiIconMock
      </div>
    </span>
  </span>
</div>
`;
