// Jest Snapshot v1, https://goo.gl/fbAQLP

exports[`Dashboard renders 1`] = `
<Dashboard
  detectorIds={Array []}
  history={
    Object {
      "action": "REPLACE",
      "block": [MockFunction],
      "createHref": [MockFunction],
      "go": [MockFunction],
      "goBack": [MockFunction],
      "goForward": [MockFunction],
      "length": 0,
      "listen": [MockFunction],
      "location": Object {
        "hash": "",
        "pathname": "",
        "search": "",
        "state": undefined,
      },
      "push": [MockFunction],
      "replace": [MockFunction] {
        "calls": Array [
          Array [
            Object {
              "hash": "",
              "search": "alertState=ALL&from=0&search=&severityLevel=ALL&size=20&sortDirection=desc&sortField=start_time",
              "state": undefined,
            },
          ],
        ],
        "results": Array [
          Object {
            "type": "return",
            "value": undefined,
          },
        ],
      },
    }
  }
  httpClient={[MockFunction]}
  location={
    Object {
      "hash": "",
      "search": "",
      "state": undefined,
    }
  }
  monitorIds={Array []}
>
  <ContentPanel
    actions={
      Array [
        <EuiButton
          onClick={[Function]}
        >
          Acknowledge
        </EuiButton>,
      ]
    }
    bodyStyles={
      Object {
        "padding": "initial",
      }
    }
    title="Alerts"
    titleSize="l"
  >
    <EuiPanel
      style={
        Object {
          "paddingLeft": "0px",
          "paddingRight": "0px",
        }
      }
    >
      <div
        className="euiPanel euiPanel--paddingMedium"
        style={
          Object {
            "paddingLeft": "0px",
            "paddingRight": "0px",
          }
        }
      >
        <EuiFlexGroup
          alignItems="center"
          justifyContent="spaceBetween"
          style={
            Object {
              "padding": "0px 10px",
            }
          }
        >
          <div
            className="euiFlexGroup euiFlexGroup--gutterLarge euiFlexGroup--alignItemsCenter euiFlexGroup--justifyContentSpaceBetween euiFlexGroup--directionRow euiFlexGroup--responsive"
            style={
              Object {
                "padding": "0px 10px",
              }
            }
          >
            <EuiFlexItem>
              <div
                className="euiFlexItem"
              >
                <EuiTitle
                  size="l"
                >
                  <h3
                    className="euiTitle euiTitle--large"
                  >
                    Alerts
                  </h3>
                </EuiTitle>
              </div>
            </EuiFlexItem>
            <EuiFlexItem
              grow={false}
            >
              <div
                className="euiFlexItem euiFlexItem--flexGrowZero"
              >
                <EuiFlexGroup
                  alignItems="center"
                  justifyContent="spaceBetween"
                >
                  <div
                    className="euiFlexGroup euiFlexGroup--gutterLarge euiFlexGroup--alignItemsCenter euiFlexGroup--justifyContentSpaceBetween euiFlexGroup--directionRow euiFlexGroup--responsive"
                  >
                    <EuiFlexItem
                      key="0"
                    >
                      <div
                        className="euiFlexItem"
                      >
                        <EuiButton
                          onClick={[Function]}
                        >
                          <EuiButtonDisplay
                            element="button"
                            onClick={[Function]}
                            type="button"
                          >
                            <button
                              className="euiButton euiButton--primary"
                              onClick={[Function]}
                              type="button"
                            >
                              <EuiButtonContent
                                className="euiButton__content"
                                iconSide="left"
                                textProps={
                                  Object {
                                    "className": "euiButton__text",
                                  }
                                }
                              >
                                <span
                                  className="euiButtonContent euiButton__content"
                                >
                                  <span
                                    className="euiButton__text"
                                  >
                                    Acknowledge
                                  </span>
                                </span>
                              </EuiButtonContent>
                            </button>
                          </EuiButtonDisplay>
                        </EuiButton>
                      </div>
                    </EuiFlexItem>
                  </div>
                </EuiFlexGroup>
              </div>
            </EuiFlexItem>
          </div>
        </EuiFlexGroup>
        <EuiHorizontalRule
          className=""
          margin="xs"
        >
          <hr
            className="euiHorizontalRule euiHorizontalRule--full euiHorizontalRule--marginXSmall"
          />
        </EuiHorizontalRule>
        <div
          style={
            Object {
              "padding": "initial",
            }
          }
        >
          <DashboardControls
            activePage={0}
            onPageChange={[Function]}
            onSearchChange={[Function]}
            onSeverityChange={[Function]}
            onStateChange={[Function]}
            pageCount={1}
            search=""
            severity="ALL"
            state="ALL"
          >
            <EuiFlexGroup
              style={
                Object {
                  "padding": "0px 5px",
                }
              }
            >
              <div
                className="euiFlexGroup euiFlexGroup--gutterLarge euiFlexGroup--directionRow euiFlexGroup--responsive"
                style={
                  Object {
                    "padding": "0px 5px",
                  }
                }
              >
                <EuiFlexItem>
                  <div
                    className="euiFlexItem"
                  >
                    <EuiFieldSearch
                      compressed={false}
                      fullWidth={true}
                      incremental={false}
                      isClearable={true}
                      isLoading={false}
                      onChange={[Function]}
                      placeholder="Search"
                      value=""
                    >
                      <EuiFormControlLayout
                        compressed={false}
                        fullWidth={true}
                        icon="search"
                        isLoading={false}
                      >
                        <div
                          className="euiFormControlLayout euiFormControlLayout--fullWidth"
                        >
                          <div
                            className="euiFormControlLayout__childrenWrapper"
                          >
                            <EuiValidatableControl>
                              <input
                                className="euiFieldSearch euiFieldSearch--fullWidth euiFieldSearch-isClearable"
                                onChange={[Function]}
                                onKeyUp={[Function]}
                                placeholder="Search"
                                type="search"
                                value=""
                              />
                            </EuiValidatableControl>
                            <EuiFormControlLayoutIcons
                              icon="search"
                              isLoading={false}
                            >
                              <div
                                className="euiFormControlLayoutIcons"
                              >
                                <EuiFormControlLayoutCustomIcon
                                  type="search"
                                >
                                  <span
                                    className="euiFormControlLayoutCustomIcon"
                                  >
                                    <EuiIcon
                                      aria-hidden="true"
                                      className="euiFormControlLayoutCustomIcon__icon"
                                      type="search"
                                    >
                                      <div>
                                        EuiIconMock
                                      </div>
                                    </EuiIcon>
                                  </span>
                                </EuiFormControlLayoutCustomIcon>
                              </div>
                            </EuiFormControlLayoutIcons>
                          </div>
                        </div>
                      </EuiFormControlLayout>
                    </EuiFieldSearch>
                  </div>
                </EuiFlexItem>
                <EuiFlexItem
                  grow={false}
                >
                  <div
                    className="euiFlexItem euiFlexItem--flexGrowZero"
                  >
                    <EuiSelect
                      onChange={[Function]}
                      options={
                        Array [
                          Object {
                            "text": "All severity levels",
                            "value": "ALL",
                          },
                          Object {
                            "text": "1",
                            "value": "1",
                          },
                          Object {
                            "text": "2",
                            "value": "2",
                          },
                          Object {
                            "text": "3",
                            "value": "3",
                          },
                          Object {
                            "text": "4",
                            "value": "4",
                          },
                          Object {
                            "text": "5",
                            "value": "5",
                          },
                        ]
                      }
                      value="ALL"
                    >
                      <EuiFormControlLayout
                        compressed={false}
                        fullWidth={false}
                        icon={
                          Object {
                            "side": "right",
                            "type": "arrowDown",
                          }
                        }
                        isLoading={false}
                      >
                        <div
                          className="euiFormControlLayout"
                        >
                          <div
                            className="euiFormControlLayout__childrenWrapper"
                          >
                            <EuiValidatableControl>
                              <select
                                className="euiSelect"
                                onChange={[Function]}
                                onMouseUp={[Function]}
                                value="ALL"
                              >
                                <option
                                  key="0"
                                  value="ALL"
                                >
                                  All severity levels
                                </option>
                                <option
                                  key="1"
                                  value="1"
                                >
                                  1
                                </option>
                                <option
                                  key="2"
                                  value="2"
                                >
                                  2
                                </option>
                                <option
                                  key="3"
                                  value="3"
                                >
                                  3
                                </option>
                                <option
                                  key="4"
                                  value="4"
                                >
                                  4
                                </option>
                                <option
                                  key="5"
                                  value="5"
                                >
                                  5
                                </option>
                              </select>
                            </EuiValidatableControl>
                            <EuiFormControlLayoutIcons
                              icon={
                                Object {
                                  "side": "right",
                                  "type": "arrowDown",
                                }
                              }
                              isLoading={false}
                            >
                              <div
                                className="euiFormControlLayoutIcons euiFormControlLayoutIcons--right"
                              >
                                <EuiFormControlLayoutCustomIcon
                                  type="arrowDown"
                                >
                                  <span
                                    className="euiFormControlLayoutCustomIcon"
                                  >
                                    <EuiIcon
                                      aria-hidden="true"
                                      className="euiFormControlLayoutCustomIcon__icon"
                                      type="arrowDown"
                                    >
                                      <div>
                                        EuiIconMock
                                      </div>
                                    </EuiIcon>
                                  </span>
                                </EuiFormControlLayoutCustomIcon>
                              </div>
                            </EuiFormControlLayoutIcons>
                          </div>
                        </div>
                      </EuiFormControlLayout>
                    </EuiSelect>
                  </div>
                </EuiFlexItem>
                <EuiFlexItem
                  grow={false}
                >
                  <div
                    className="euiFlexItem euiFlexItem--flexGrowZero"
                  >
                    <EuiSelect
                      onChange={[Function]}
                      options={
                        Array [
                          Object {
                            "text": "All alerts",
                            "value": "ALL",
                          },
                          Object {
                            "text": "Active",
                            "value": "ACTIVE",
                          },
                          Object {
                            "text": "Acknowledged",
                            "value": "ACKNOWLEDGED",
                          },
                          Object {
                            "text": "Completed",
                            "value": "COMPLETED",
                          },
                          Object {
                            "text": "Error",
                            "value": "ERROR",
                          },
                          Object {
                            "text": "Deleted",
                            "value": "DELETED",
                          },
                        ]
                      }
                      value="ALL"
                    >
                      <EuiFormControlLayout
                        compressed={false}
                        fullWidth={false}
                        icon={
                          Object {
                            "side": "right",
                            "type": "arrowDown",
                          }
                        }
                        isLoading={false}
                      >
                        <div
                          className="euiFormControlLayout"
                        >
                          <div
                            className="euiFormControlLayout__childrenWrapper"
                          >
                            <EuiValidatableControl>
                              <select
                                className="euiSelect"
                                onChange={[Function]}
                                onMouseUp={[Function]}
                                value="ALL"
                              >
                                <option
                                  key="0"
                                  value="ALL"
                                >
                                  All alerts
                                </option>
                                <option
                                  key="1"
                                  value="ACTIVE"
                                >
                                  Active
                                </option>
                                <option
                                  key="2"
                                  value="ACKNOWLEDGED"
                                >
                                  Acknowledged
                                </option>
                                <option
                                  key="3"
                                  value="COMPLETED"
                                >
                                  Completed
                                </option>
                                <option
                                  key="4"
                                  value="ERROR"
                                >
                                  Error
                                </option>
                                <option
                                  key="5"
                                  value="DELETED"
                                >
                                  Deleted
                                </option>
                              </select>
                            </EuiValidatableControl>
                            <EuiFormControlLayoutIcons
                              icon={
                                Object {
                                  "side": "right",
                                  "type": "arrowDown",
                                }
                              }
                              isLoading={false}
                            >
                              <div
                                className="euiFormControlLayoutIcons euiFormControlLayoutIcons--right"
                              >
                                <EuiFormControlLayoutCustomIcon
                                  type="arrowDown"
                                >
                                  <span
                                    className="euiFormControlLayoutCustomIcon"
                                  >
                                    <EuiIcon
                                      aria-hidden="true"
                                      className="euiFormControlLayoutCustomIcon__icon"
                                      type="arrowDown"
                                    >
                                      <div>
                                        EuiIconMock
                                      </div>
                                    </EuiIcon>
                                  </span>
                                </EuiFormControlLayoutCustomIcon>
                              </div>
                            </EuiFormControlLayoutIcons>
                          </div>
                        </div>
                      </EuiFormControlLayout>
                    </EuiSelect>
                  </div>
                </EuiFlexItem>
                <EuiFlexItem
                  grow={false}
                  style={
                    Object {
                      "justifyContent": "center",
                    }
                  }
                >
                  <div
                    className="euiFlexItem euiFlexItem--flexGrowZero"
                    style={
                      Object {
                        "justifyContent": "center",
                      }
                    }
                  >
                    <EuiPagination
                      activePage={0}
                      onPageClick={[Function]}
                      pageCount={1}
                    >
                      <nav
                        className="euiPagination"
                      >
                        <EuiI18n
                          default="Previous page, {page}"
                          token="euiPagination.previousPage"
                          values={
                            Object {
                              "page": 0,
                            }
                          }
                        >
                          <EuiI18n
                            default="Previous page"
                            token="euiPagination.disabledPreviousPage"
                          >
                            <EuiButtonIcon
                              aria-label="Previous page"
                              color="text"
                              data-test-subj="pagination-button-previous"
                              disabled={true}
                              iconType="arrowLeft"
                              onClick={[Function]}
                            >
                              <button
                                aria-label="Previous page"
                                className="euiButtonIcon euiButtonIcon--text"
                                data-test-subj="pagination-button-previous"
                                disabled={true}
                                onClick={[Function]}
                                type="button"
                              >
                                <EuiIcon
                                  aria-hidden="true"
                                  className="euiButtonIcon__icon"
                                  size="m"
                                  type="arrowLeft"
                                >
                                  <div>
                                    EuiIconMock
                                  </div>
                                </EuiIcon>
                              </button>
                            </EuiButtonIcon>
                          </EuiI18n>
                        </EuiI18n>
                        <ul
                          className="euiPagination__list"
                        >
                          <PaginationButton
                            key="0"
                            pageIndex={0}
                          >
                            <li
                              className="euiPagination__item"
                            >
                              <EuiPaginationButton
                                hideOnMobile={true}
                                isActive={true}
                                onClick={[Function]}
                                pageIndex={0}
                                totalPages={1}
                              >
                                <EuiI18n
                                  default="Page {page} of {totalPages}"
                                  token="euiPaginationButton.longPageString"
                                  values={
                                    Object {
                                      "page": 1,
                                      "totalPages": 1,
                                    }
                                  }
                                >
                                  <EuiI18n
                                    default="Page {page}"
                                    token="euiPaginationButton.shortPageString"
                                    values={
                                      Object {
                                        "page": 1,
                                      }
                                    }
                                  >
                                    <EuiButtonEmpty
                                      aria-current={true}
                                      aria-label="Page 1 of 1"
                                      className="euiPaginationButton euiPaginationButton-isActive euiPaginationButton--hideOnMobile"
                                      color="text"
                                      data-test-subj="pagination-button-0"
                                      isDisabled={true}
                                      onClick={[Function]}
                                      size="xs"
                                    >
                                      <button
                                        aria-current={true}
                                        aria-label="Page 1 of 1"
                                        className="euiButtonEmpty euiButtonEmpty--text euiButtonEmpty--xSmall euiButtonEmpty-isDisabled euiPaginationButton euiPaginationButton-isActive euiPaginationButton--hideOnMobile"
                                        data-test-subj="pagination-button-0"
                                        disabled={true}
                                        onClick={[Function]}
                                        type="button"
                                      >
                                        <EuiButtonContent
                                          className="euiButtonEmpty__content"
                                          iconSide="left"
                                          textProps={
                                            Object {
                                              "className": "euiButtonEmpty__text",
                                            }
                                          }
                                        >
                                          <span
                                            className="euiButtonContent euiButtonEmpty__content"
                                          >
                                            <span
                                              className="euiButtonEmpty__text"
                                            >
                                              1
                                            </span>
                                          </span>
                                        </EuiButtonContent>
                                      </button>
                                    </EuiButtonEmpty>
                                  </EuiI18n>
                                </EuiI18n>
                              </EuiPaginationButton>
                            </li>
                          </PaginationButton>
                        </ul>
                        <EuiI18n
                          default="Next page, {page}"
                          token="euiPagination.nextPage"
                          values={
                            Object {
                              "page": 2,
                            }
                          }
                        >
                          <EuiI18n
                            default="Next page"
                            token="euiPagination.disabledNextPage"
                          >
                            <EuiButtonIcon
                              aria-label="Next page"
                              color="text"
                              data-test-subj="pagination-button-next"
                              disabled={true}
                              iconType="arrowRight"
                              onClick={[Function]}
                            >
                              <button
                                aria-label="Next page"
                                className="euiButtonIcon euiButtonIcon--text"
                                data-test-subj="pagination-button-next"
                                disabled={true}
                                onClick={[Function]}
                                type="button"
                              >
                                <EuiIcon
                                  aria-hidden="true"
                                  className="euiButtonIcon__icon"
                                  size="m"
                                  type="arrowRight"
                                >
                                  <div>
                                    EuiIconMock
                                  </div>
                                </EuiIcon>
                              </button>
                            </EuiButtonIcon>
                          </EuiI18n>
                        </EuiI18n>
                      </nav>
                    </EuiPagination>
                  </div>
                </EuiFlexItem>
              </div>
            </EuiFlexGroup>
          </DashboardControls>
          <EuiHorizontalRule
            margin="xs"
          >
            <hr
              className="euiHorizontalRule euiHorizontalRule--full euiHorizontalRule--marginXSmall"
            />
          </EuiHorizontalRule>
          <EuiBasicTable
            columns={
              Array [
                Object {
                  "dataType": "date",
                  "field": "start_time",
                  "name": "Alert start time",
                  "render": [Function],
                  "sortable": true,
                  "truncateText": false,
                },
                Object {
                  "dataType": "date",
                  "field": "end_time",
                  "name": "Alert end time",
                  "render": [Function],
                  "sortable": true,
                  "truncateText": false,
                },
                Object {
                  "field": "monitor_name",
                  "name": "Monitor name",
                  "render": [Function],
                  "sortable": true,
                  "textOnly": true,
                  "truncateText": true,
                },
                Object {
                  "field": "trigger_name",
                  "name": "Trigger name",
                  "sortable": true,
                  "textOnly": true,
                  "truncateText": true,
                },
                Object {
                  "field": "severity",
                  "name": "Severity",
                  "sortable": false,
                  "truncateText": false,
                },
                Object {
                  "field": "state",
                  "name": "State",
                  "render": [Function],
                  "sortable": false,
                  "truncateText": false,
                },
                Object {
                  "dataType": "date",
                  "field": "acknowledged_time",
                  "name": "Time acknowledged",
                  "render": [Function],
                  "sortable": true,
                  "truncateText": false,
                },
              ]
            }
            isSelectable={true}
            itemId={[Function]}
            items={Array []}
            noItemsMessage={<DashboardEmptyPrompt />}
            onChange={[Function]}
            pagination={
              Object {
                "pageIndex": 0,
                "pageSize": 20,
                "pageSizeOptions": Array [
                  5,
                  10,
                  20,
                  50,
                ],
                "totalItemCount": 0,
              }
            }
            responsive={true}
            selection={
              Object {
                "onSelectionChange": [Function],
                "selectable": [Function],
                "selectableMessage": [Function],
              }
            }
            sorting={
              Object {
                "sort": Object {
                  "direction": "desc",
                  "field": "start_time",
                },
              }
            }
            tableLayout="fixed"
          >
            <div
              className="euiBasicTable"
            >
              <div>
                <EuiTableHeaderMobile>
                  <div
                    className="euiTableHeaderMobile"
                  >
                    <EuiFlexGroup
                      alignItems="baseline"
                      justifyContent="spaceBetween"
                      responsive={false}
                    >
                      <div
                        className="euiFlexGroup euiFlexGroup--gutterLarge euiFlexGroup--alignItemsBaseline euiFlexGroup--justifyContentSpaceBetween euiFlexGroup--directionRow"
                      >
                        <EuiFlexItem
                          grow={false}
                        >
                          <div
                            className="euiFlexItem euiFlexItem--flexGrowZero"
                          >
                            <EuiI18n
                              default="Select all rows"
                              token="euiBasicTable.selectAllRows"
                            >
                              <EuiCheckbox
                                aria-label="Select all rows"
                                checked={false}
                                compressed={false}
                                disabled={true}
                                id="_selection_column-checkbox_generated-id"
                                indeterminate={false}
                                label="Select all rows"
                                onChange={[Function]}
                              >
                                <div
                                  className="euiCheckbox"
                                >
                                  <input
                                    aria-label="Select all rows"
                                    checked={false}
                                    className="euiCheckbox__input"
                                    disabled={true}
                                    id="_selection_column-checkbox_generated-id"
                                    onChange={[Function]}
                                    type="checkbox"
                                  />
                                  <div
                                    className="euiCheckbox__square"
                                  />
                                  <label
                                    className="euiCheckbox__label"
                                    htmlFor="_selection_column-checkbox_generated-id"
                                  >
                                    Select all rows
                                  </label>
                                </div>
                              </EuiCheckbox>
                            </EuiI18n>
                          </div>
                        </EuiFlexItem>
                        <EuiFlexItem
                          grow={false}
                        >
                          <div
                            className="euiFlexItem euiFlexItem--flexGrowZero"
                          >
                            <EuiTableSortMobile
                              items={
                                Array [
                                  Object {
                                    "isSortAscending": false,
                                    "isSorted": true,
                                    "key": "_data_s_start_time_0",
                                    "name": "Alert start time",
                                    "onSort": [Function],
                                  },
                                  Object {
                                    "isSortAscending": undefined,
                                    "isSorted": false,
                                    "key": "_data_s_end_time_1",
                                    "name": "Alert end time",
                                    "onSort": [Function],
                                  },
                                  Object {
                                    "isSortAscending": undefined,
                                    "isSorted": false,
                                    "key": "_data_s_monitor_name_2",
                                    "name": "Monitor name",
                                    "onSort": [Function],
                                  },
                                  Object {
                                    "isSortAscending": undefined,
                                    "isSorted": false,
                                    "key": "_data_s_trigger_name_3",
                                    "name": "Trigger name",
                                    "onSort": [Function],
                                  },
                                  Object {
                                    "isSortAscending": undefined,
                                    "isSorted": false,
                                    "key": "_data_s_acknowledged_time_6",
                                    "name": "Time acknowledged",
                                    "onSort": [Function],
                                  },
                                ]
                              }
                            >
                              <div
                                className="euiTableSortMobile"
                              >
                                <EuiPopover
                                  anchorPosition="downRight"
                                  button={
                                    <EuiButtonEmpty
                                      flush="right"
                                      iconSide="right"
                                      iconType="arrowDown"
                                      onClick={[Function]}
                                      size="xs"
                                    >
                                      <EuiI18n
                                        default="Sorting"
                                        token="euiTableSortMobile.sorting"
                                      />
                                    </EuiButtonEmpty>
                                  }
                                  closePopover={[Function]}
                                  display="inlineBlock"
                                  hasArrow={true}
                                  isOpen={false}
                                  ownFocus={true}
                                  panelPaddingSize="none"
                                >
                                  <EuiOutsideClickDetector
                                    isDisabled={true}
                                    onOutsideClick={[Function]}
                                  >
                                    <div
                                      className="euiPopover euiPopover--anchorDownRight"
                                      onKeyDown={[Function]}
                                      onMouseDown={[Function]}
                                      onMouseUp={[Function]}
                                      onTouchEnd={[Function]}
                                      onTouchStart={[Function]}
                                    >
                                      <div
                                        className="euiPopover__anchor"
                                      >
                                        <EuiButtonEmpty
                                          flush="right"
                                          iconSide="right"
                                          iconType="arrowDown"
                                          onClick={[Function]}
                                          size="xs"
                                        >
                                          <button
                                            className="euiButtonEmpty euiButtonEmpty--primary euiButtonEmpty--xSmall euiButtonEmpty--flushRight"
                                            onClick={[Function]}
                                            type="button"
                                          >
                                            <EuiButtonContent
                                              className="euiButtonEmpty__content"
                                              iconSide="right"
                                              iconType="arrowDown"
                                              textProps={
                                                Object {
                                                  "className": "euiButtonEmpty__text",
                                                }
                                              }
                                            >
                                              <span
                                                className="euiButtonContent euiButtonContent--iconRight euiButtonEmpty__content"
                                              >
                                                <EuiIcon
                                                  className="euiButtonContent__icon"
                                                  size="m"
                                                  type="arrowDown"
                                                >
                                                  <div>
                                                    EuiIconMock
                                                  </div>
                                                </EuiIcon>
                                                <span
                                                  className="euiButtonEmpty__text"
                                                >
                                                  <EuiI18n
                                                    default="Sorting"
                                                    token="euiTableSortMobile.sorting"
                                                  >
                                                    Sorting
                                                  </EuiI18n>
                                                </span>
                                              </span>
                                            </EuiButtonContent>
                                          </button>
                                        </EuiButtonEmpty>
                                      </div>
                                    </div>
                                  </EuiOutsideClickDetector>
                                </EuiPopover>
                              </div>
                            </EuiTableSortMobile>
                          </div>
                        </EuiFlexItem>
                      </div>
                    </EuiFlexGroup>
                  </div>
                </EuiTableHeaderMobile>
                <EuiTable
                  id="generated-id"
                  responsive={true}
                  tableLayout="fixed"
                >
                  <table
                    className="euiTable euiTable--responsive"
                    id="generated-id"
                    tabIndex={-1}
                  >
                    <EuiScreenReaderOnly>
                      <caption
                        className="euiScreenReaderOnly euiTableCaption"
                      >
                        <EuiDelayRender
                          delay={500}
                        />
                      </caption>
                    </EuiScreenReaderOnly>
                    <EuiTableHeader>
                      <thead>
                        <tr>
                          <EuiTableHeaderCellCheckbox
                            key="_selection_column_h"
                          >
                            <th
                              className="euiTableHeaderCellCheckbox"
                              scope="col"
                              style={
                                Object {
                                  "width": undefined,
                                }
                              }
                            >
                              <div
                                className="euiTableCellContent"
                              >
                                <EuiI18n
                                  default="Select all rows"
                                  token="euiBasicTable.selectAllRows"
                                >
                                  <EuiCheckbox
                                    aria-label="Select all rows"
                                    checked={false}
                                    compressed={false}
                                    data-test-subj="checkboxSelectAll"
                                    disabled={true}
                                    id="_selection_column-checkbox_generated-id"
                                    indeterminate={false}
                                    label={null}
                                    onChange={[Function]}
                                    type="inList"
                                  >
                                    <div
                                      className="euiCheckbox euiCheckbox--inList euiCheckbox--noLabel"
                                    >
                                      <input
                                        aria-label="Select all rows"
                                        checked={false}
                                        className="euiCheckbox__input"
                                        data-test-subj="checkboxSelectAll"
                                        disabled={true}
                                        id="_selection_column-checkbox_generated-id"
                                        onChange={[Function]}
                                        type="checkbox"
                                      />
                                      <div
                                        className="euiCheckbox__square"
                                      />
                                    </div>
                                  </EuiCheckbox>
                                </EuiI18n>
                              </div>
                            </th>
                          </EuiTableHeaderCellCheckbox>
                          <EuiTableHeaderCell
                            align="left"
                            data-test-subj="tableHeaderCell_start_time_0"
                            isSortAscending={false}
                            isSorted={true}
                            key="_data_h_start_time_0"
                            onSort={[Function]}
                          >
                            <th
                              aria-live="polite"
                              aria-sort="descending"
                              className="euiTableHeaderCell"
                              data-test-subj="tableHeaderCell_start_time_0"
                              role="columnheader"
                              scope="col"
                              style={
                                Object {
                                  "width": undefined,
                                }
                              }
                            >
                              <button
                                className="euiTableHeaderButton euiTableHeaderButton-isSorted"
                                data-test-subj="tableHeaderSortButton"
                                onClick={[Function]}
                                type="button"
                              >
                                <span
                                  className="euiTableCellContent"
                                >
                                  <EuiInnerText>
                                    <EuiI18n
                                      default="{innerText}; Sorted in {ariaSortValue} order"
                                      token="euiTableHeaderCell.titleTextWithSort"
                                      values={
                                        Object {
                                          "ariaSortValue": "descending",
                                          "innerText": "Alert start time",
                                        }
                                      }
                                    >
                                      <span
                                        className="euiTableCellContent__text"
                                        title="Alert start time; Sorted in descending order"
                                      >
                                        Alert start time
                                      </span>
                                    </EuiI18n>
                                  </EuiInnerText>
                                  <EuiI18n
                                    default="Sorted in {ariaSortValue} order"
                                    token="euiTableHeaderCell.sortedAriaLabel"
                                    values={
                                      Object {
                                        "ariaSortValue": "descending",
                                      }
                                    }
                                  >
                                    <EuiIcon
                                      aria-label="Sorted in descending order"
                                      className="euiTableSortIcon"
                                      size="m"
                                      type="sortDown"
                                    >
                                      <div>
                                        EuiIconMock
                                      </div>
                                    </EuiIcon>
                                  </EuiI18n>
                                  <EuiScreenReaderOnly>
                                    <span
                                      className="euiScreenReaderOnly"
                                    >
                                      <EuiI18n
                                        default="Click to sort in ascending order"
                                        token="euiTableHeaderCell.clickForAscending"
                                      >
                                        Click to sort in ascending order
                                      </EuiI18n>
                                    </span>
                                  </EuiScreenReaderOnly>
                                </span>
                              </button>
                            </th>
                          </EuiTableHeaderCell>
                          <EuiTableHeaderCell
                            align="left"
                            data-test-subj="tableHeaderCell_end_time_1"
                            isSorted={false}
                            key="_data_h_end_time_1"
                            onSort={[Function]}
                          >
                            <th
                              aria-live="polite"
                              aria-sort="none"
                              className="euiTableHeaderCell"
                              data-test-subj="tableHeaderCell_end_time_1"
                              role="columnheader"
                              scope="col"
                              style={
                                Object {
                                  "width": undefined,
                                }
                              }
                            >
                              <button
                                className="euiTableHeaderButton"
                                data-test-subj="tableHeaderSortButton"
                                onClick={[Function]}
                                type="button"
                              >
                                <span
                                  className="euiTableCellContent"
                                >
                                  <EuiInnerText>
                                    <EuiI18n
                                      default="{innerText}; Sorted in {ariaSortValue} order"
                                      token="euiTableHeaderCell.titleTextWithSort"
                                      values={
                                        Object {
                                          "ariaSortValue": "none",
                                          "innerText": "Alert end time",
                                        }
                                      }
                                    >
                                      <span
                                        className="euiTableCellContent__text"
                                        title="Alert end time"
                                      >
                                        Alert end time
                                      </span>
                                    </EuiI18n>
                                  </EuiInnerText>
                                  <EuiScreenReaderOnly>
                                    <span
                                      className="euiScreenReaderOnly"
                                    >
                                      <EuiI18n
                                        default="Click to sort in ascending order"
                                        token="euiTableHeaderCell.clickForAscending"
                                      >
                                        Click to sort in ascending order
                                      </EuiI18n>
                                    </span>
                                  </EuiScreenReaderOnly>
                                </span>
                              </button>
                            </th>
                          </EuiTableHeaderCell>
                          <EuiTableHeaderCell
                            align="left"
                            data-test-subj="tableHeaderCell_monitor_name_2"
                            isSorted={false}
                            key="_data_h_monitor_name_2"
                            onSort={[Function]}
                          >
                            <th
                              aria-live="polite"
                              aria-sort="none"
                              className="euiTableHeaderCell"
                              data-test-subj="tableHeaderCell_monitor_name_2"
                              role="columnheader"
                              scope="col"
                              style={
                                Object {
                                  "width": undefined,
                                }
                              }
                            >
                              <button
                                className="euiTableHeaderButton"
                                data-test-subj="tableHeaderSortButton"
                                onClick={[Function]}
                                type="button"
                              >
                                <span
                                  className="euiTableCellContent"
                                >
                                  <EuiInnerText>
                                    <EuiI18n
                                      default="{innerText}; Sorted in {ariaSortValue} order"
                                      token="euiTableHeaderCell.titleTextWithSort"
                                      values={
                                        Object {
                                          "ariaSortValue": "none",
                                          "innerText": "Monitor name",
                                        }
                                      }
                                    >
                                      <span
                                        className="euiTableCellContent__text"
                                        title="Monitor name"
                                      >
                                        Monitor name
                                      </span>
                                    </EuiI18n>
                                  </EuiInnerText>
                                  <EuiScreenReaderOnly>
                                    <span
                                      className="euiScreenReaderOnly"
                                    >
                                      <EuiI18n
                                        default="Click to sort in ascending order"
                                        token="euiTableHeaderCell.clickForAscending"
                                      >
                                        Click to sort in ascending order
                                      </EuiI18n>
                                    </span>
                                  </EuiScreenReaderOnly>
                                </span>
                              </button>
                            </th>
                          </EuiTableHeaderCell>
                          <EuiTableHeaderCell
                            align="left"
                            data-test-subj="tableHeaderCell_trigger_name_3"
                            isSorted={false}
                            key="_data_h_trigger_name_3"
                            onSort={[Function]}
                          >
                            <th
                              aria-live="polite"
                              aria-sort="none"
                              className="euiTableHeaderCell"
                              data-test-subj="tableHeaderCell_trigger_name_3"
                              role="columnheader"
                              scope="col"
                              style={
                                Object {
                                  "width": undefined,
                                }
                              }
                            >
                              <button
                                className="euiTableHeaderButton"
                                data-test-subj="tableHeaderSortButton"
                                onClick={[Function]}
                                type="button"
                              >
                                <span
                                  className="euiTableCellContent"
                                >
                                  <EuiInnerText>
                                    <EuiI18n
                                      default="{innerText}; Sorted in {ariaSortValue} order"
                                      token="euiTableHeaderCell.titleTextWithSort"
                                      values={
                                        Object {
                                          "ariaSortValue": "none",
                                          "innerText": "Trigger name",
                                        }
                                      }
                                    >
                                      <span
                                        className="euiTableCellContent__text"
                                        title="Trigger name"
                                      >
                                        Trigger name
                                      </span>
                                    </EuiI18n>
                                  </EuiInnerText>
                                  <EuiScreenReaderOnly>
                                    <span
                                      className="euiScreenReaderOnly"
                                    >
                                      <EuiI18n
                                        default="Click to sort in ascending order"
                                        token="euiTableHeaderCell.clickForAscending"
                                      >
                                        Click to sort in ascending order
                                      </EuiI18n>
                                    </span>
                                  </EuiScreenReaderOnly>
                                </span>
                              </button>
                            </th>
                          </EuiTableHeaderCell>
                          <EuiTableHeaderCell
                            align="left"
                            data-test-subj="tableHeaderCell_severity_4"
                            key="_data_h_severity_4"
                          >
                            <th
                              className="euiTableHeaderCell"
                              data-test-subj="tableHeaderCell_severity_4"
                              role="columnheader"
                              scope="col"
                              style={
                                Object {
                                  "width": undefined,
                                }
                              }
                            >
                              <div
                                className="euiTableCellContent"
                              >
                                <EuiInnerText>
                                  <span
                                    className="euiTableCellContent__text"
                                    title="Severity"
                                  >
                                    Severity
                                  </span>
                                </EuiInnerText>
                              </div>
                            </th>
                          </EuiTableHeaderCell>
                          <EuiTableHeaderCell
                            align="left"
                            data-test-subj="tableHeaderCell_state_5"
                            key="_data_h_state_5"
                          >
                            <th
                              className="euiTableHeaderCell"
                              data-test-subj="tableHeaderCell_state_5"
                              role="columnheader"
                              scope="col"
                              style={
                                Object {
                                  "width": undefined,
                                }
                              }
                            >
                              <div
                                className="euiTableCellContent"
                              >
                                <EuiInnerText>
                                  <span
                                    className="euiTableCellContent__text"
                                    title="State"
                                  >
                                    State
                                  </span>
                                </EuiInnerText>
                              </div>
                            </th>
                          </EuiTableHeaderCell>
                          <EuiTableHeaderCell
                            align="left"
                            data-test-subj="tableHeaderCell_acknowledged_time_6"
                            isSorted={false}
                            key="_data_h_acknowledged_time_6"
                            onSort={[Function]}
                          >
                            <th
                              aria-live="polite"
                              aria-sort="none"
                              className="euiTableHeaderCell"
                              data-test-subj="tableHeaderCell_acknowledged_time_6"
                              role="columnheader"
                              scope="col"
                              style={
                                Object {
                                  "width": undefined,
                                }
                              }
                            >
                              <button
                                className="euiTableHeaderButton"
                                data-test-subj="tableHeaderSortButton"
                                onClick={[Function]}
                                type="button"
                              >
                                <span
                                  className="euiTableCellContent"
                                >
                                  <EuiInnerText>
                                    <EuiI18n
                                      default="{innerText}; Sorted in {ariaSortValue} order"
                                      token="euiTableHeaderCell.titleTextWithSort"
                                      values={
                                        Object {
                                          "ariaSortValue": "none",
                                          "innerText": "Time acknowledged",
                                        }
                                      }
                                    >
                                      <span
                                        className="euiTableCellContent__text"
                                        title="Time acknowledged"
                                      >
                                        Time acknowledged
                                      </span>
                                    </EuiI18n>
                                  </EuiInnerText>
                                  <EuiScreenReaderOnly>
                                    <span
                                      className="euiScreenReaderOnly"
                                    >
                                      <EuiI18n
                                        default="Click to sort in ascending order"
                                        token="euiTableHeaderCell.clickForAscending"
                                      >
                                        Click to sort in ascending order
                                      </EuiI18n>
                                    </span>
                                  </EuiScreenReaderOnly>
                                </span>
                              </button>
                            </th>
                          </EuiTableHeaderCell>
                        </tr>
                      </thead>
                    </EuiTableHeader>
                    <EuiTableBody>
                      <tbody>
                        <EuiTableRow>
                          <tr
                            className="euiTableRow"
                          >
                            <EuiTableRowCell
                              align="center"
                              colSpan={8}
                              isMobileFullWidth={true}
                            >
                              <td
                                className="euiTableRowCell euiTableRowCell--isMobileFullWidth"
                                colSpan={8}
                                style={
                                  Object {
                                    "width": undefined,
                                  }
                                }
                              >
                                <div
                                  className="euiTableCellContent euiTableCellContent--alignCenter"
                                >
                                  <span
                                    className="euiTableCellContent__text"
                                  >
                                    <DashboardEmptyPrompt>
                                      <EuiEmptyPrompt
                                        actions={
                                          <EuiButton
                                            fill={true}
                                            href="opendistro-alerting#/create-monitor"
                                          >
                                            Create monitor
                                          </EuiButton>
                                        }
                                        body={
                                          <EuiText>
                                            <p>
                                              There are no existing alerts. Create a monitor to add triggers and actions. Once an alarm is triggered, the state will show in this table.
                                            </p>
                                          </EuiText>
                                        }
                                        style={
                                          Object {
                                            "maxWidth": "45em",
                                          }
                                        }
                                      >
                                        <div
                                          className="euiEmptyPrompt"
                                          style={
                                            Object {
                                              "maxWidth": "45em",
                                            }
                                          }
                                        >
                                          <EuiTextColor
                                            color="subdued"
                                          >
                                            <span
                                              className="euiTextColor euiTextColor--subdued"
                                            >
                                              <EuiText>
                                                <div
                                                  className="euiText euiText--medium"
                                                >
                                                  <EuiText>
                                                    <div
                                                      className="euiText euiText--medium"
                                                    >
                                                      <p>
                                                        There are no existing alerts. Create a monitor to add triggers and actions. Once an alarm is triggered, the state will show in this table.
                                                      </p>
                                                    </div>
                                                  </EuiText>
                                                </div>
                                              </EuiText>
                                            </span>
                                          </EuiTextColor>
                                          <EuiSpacer
                                            size="l"
                                          >
                                            <div
                                              className="euiSpacer euiSpacer--l"
                                            />
                                          </EuiSpacer>
                                          <EuiSpacer
                                            size="s"
                                          >
                                            <div
                                              className="euiSpacer euiSpacer--s"
                                            />
                                          </EuiSpacer>
                                          <EuiButton
                                            fill={true}
                                            href="opendistro-alerting#/create-monitor"
                                          >
                                            <EuiButtonDisplay
                                              element="a"
                                              fill={true}
                                              href="opendistro-alerting#/create-monitor"
                                              rel="noreferrer"
                                            >
                                              <a
                                                className="euiButton euiButton--primary euiButton--fill"
                                                href="opendistro-alerting#/create-monitor"
                                                rel="noreferrer"
                                              >
                                                <EuiButtonContent
                                                  className="euiButton__content"
                                                  iconSide="left"
                                                  textProps={
                                                    Object {
                                                      "className": "euiButton__text",
                                                    }
                                                  }
                                                >
                                                  <span
                                                    className="euiButtonContent euiButton__content"
                                                  >
                                                    <span
                                                      className="euiButton__text"
                                                    >
                                                      Create monitor
                                                    </span>
                                                  </span>
                                                </EuiButtonContent>
                                              </a>
                                            </EuiButtonDisplay>
                                          </EuiButton>
                                        </div>
                                      </EuiEmptyPrompt>
                                    </DashboardEmptyPrompt>
                                  </span>
                                </div>
                              </td>
                            </EuiTableRowCell>
                          </tr>
                        </EuiTableRow>
                      </tbody>
                    </EuiTableBody>
                  </table>
                </EuiTable>
              </div>
            </div>
          </EuiBasicTable>
        </div>
      </div>
    </EuiPanel>
  </ContentPanel>
</Dashboard>
`;
