// Jest Snapshot v1, https://goo.gl/fbAQLP

exports[`DashboardControls renders 1`] = `
<div
  class="euiFlexGroup euiFlexGroup--gutterLarge euiFlexGroup--directionRow euiFlexGroup--responsive"
  style="padding:0px 5px"
>
  <div
    class="euiFlexItem"
  >
    <div
      class="euiFormControlLayout euiFormControlLayout--fullWidth"
    >
      <div
        class="euiFormControlLayout__childrenWrapper"
      >
        <input
          class="euiFieldSearch euiFieldSearch--fullWidth"
          placeholder="Search"
          type="search"
          value=""
        />
        <div
          class="euiFormControlLayoutIcons"
        >
          <span
            class="euiFormControlLayoutCustomIcon"
          >
            <svg
              aria-hidden="true"
              class="euiIcon euiIcon--medium euiIcon-isLoading euiFormControlLayoutCustomIcon__icon"
              focusable="false"
              height="16"
              viewBox="0 0 16 16"
              width="16"
              xmlns="http://www.w3.org/2000/svg"
            />
          </span>
        </div>
      </div>
    </div>
  </div>
  <div
    class="euiFlexItem euiFlexItem--flexGrowZero"
  >
    <div
      class="euiFormControlLayout"
    >
      <div
        class="euiFormControlLayout__childrenWrapper"
      >
        <select
          class="euiSelect"
        >
          <option
            selected=""
            value="ALL"
          >
            All severity levels
          </option>
          <option
            value="1"
          >
            1
          </option>
          <option
            value="2"
          >
            2
          </option>
          <option
            value="3"
          >
            3
          </option>
          <option
            value="4"
          >
            4
          </option>
          <option
            value="5"
          >
            5
          </option>
        </select>
        <div
          class="euiFormControlLayoutIcons euiFormControlLayoutIcons--right"
        >
          <span
            class="euiFormControlLayoutCustomIcon"
          >
            <svg
              aria-hidden="true"
              class="euiIcon euiIcon--medium euiIcon-isLoading euiFormControlLayoutCustomIcon__icon"
              focusable="false"
              height="16"
              viewBox="0 0 16 16"
              width="16"
              xmlns="http://www.w3.org/2000/svg"
            />
          </span>
        </div>
      </div>
    </div>
  </div>
  <div
    class="euiFlexItem euiFlexItem--flexGrowZero"
  >
    <div
      class="euiFormControlLayout"
    >
      <div
        class="euiFormControlLayout__childrenWrapper"
      >
        <select
          class="euiSelect"
        >
          <option
            selected=""
            value="ALL"
          >
            All alerts
          </option>
          <option
            value="ACTIVE"
          >
            Active
          </option>
          <option
            value="ACKNOWLEDGED"
          >
            Acknowledged
          </option>
          <option
            value="COMPLETED"
          >
            Completed
          </option>
          <option
            value="ERROR"
          >
            Error
          </option>
          <option
            value="DELETED"
          >
            Deleted
          </option>
        </select>
        <div
          class="euiFormControlLayoutIcons euiFormControlLayoutIcons--right"
        >
          <span
            class="euiFormControlLayoutCustomIcon"
          >
            <svg
              aria-hidden="true"
              class="euiIcon euiIcon--medium euiIcon-isLoading euiFormControlLayoutCustomIcon__icon"
              focusable="false"
              height="16"
              viewBox="0 0 16 16"
              width="16"
              xmlns="http://www.w3.org/2000/svg"
            />
          </span>
        </div>
      </div>
    </div>
  </div>
  <div
    class="euiFlexItem euiFlexItem--flexGrowZero"
    style="justify-content:center"
  >
    <div
      class="euiPagination"
      role="group"
    >
      <button
        aria-label="Previous page"
        class="euiButtonIcon euiButtonIcon--text"
        data-test-subj="pagination-button-previous"
        type="button"
      >
        <svg
          aria-hidden="true"
          class="euiIcon euiIcon--medium euiIcon-isLoading euiButtonIcon__icon"
          focusable="false"
          height="16"
          viewBox="0 0 16 16"
          width="16"
          xmlns="http://www.w3.org/2000/svg"
        />
      </button>
      <button
        aria-label="Page 1 of 2"
        class="euiButtonEmpty euiButtonEmpty--text euiButtonEmpty--xSmall euiPaginationButton euiPaginationButton--hideOnMobile"
        data-test-subj="pagination-button-0"
        type="button"
      >
        <span
          class="euiButtonEmpty__content"
        >
          <span
            class="euiButtonEmpty__text"
          >
            1
          </span>
        </span>
      </button>
      <button
        aria-label="Page 2 of 2"
        class="euiButtonEmpty euiButtonEmpty--text euiButtonEmpty--xSmall euiPaginationButton euiPaginationButton-isActive euiPaginationButton--hideOnMobile"
        data-test-subj="pagination-button-1"
        type="button"
      >
        <span
          class="euiButtonEmpty__content"
        >
          <span
            class="euiButtonEmpty__text"
          >
            2
          </span>
        </span>
      </button>
      <button
        aria-label="Next page"
        class="euiButtonIcon euiButtonIcon--text"
        data-test-subj="pagination-button-next"
        disabled=""
        type="button"
      >
        <svg
          aria-hidden="true"
          class="euiIcon euiIcon--medium euiIcon-isLoading euiButtonIcon__icon"
          focusable="false"
          height="16"
          viewBox="0 0 16 16"
          width="16"
          xmlns="http://www.w3.org/2000/svg"
        />
      </button>
    </div>
  </div>
</div>
`;
