// Jest Snapshot v1, https://goo.gl/fbAQLP

exports[`DashboardControls renders 1`] = `
<div
  class="euiFlexGroup euiFlexGroup--gutterLarge euiFlexGroup--directionRow euiFlexGroup--responsive"
  style="padding:0px 5px"
>
  <div
    class="euiFlexItem"
  >
    <div
      class="euiFormControlLayout euiFormControlLayout--fullWidth"
    >
      <div
        class="euiFormControlLayout__childrenWrapper"
      >
        <input
          class="euiFieldSearch euiFieldSearch--fullWidth euiFieldSearch-isClearable"
          placeholder="Search"
          type="search"
          value=""
        />
        <div
          class="euiFormControlLayoutIcons"
        >
          <span
            class="euiFormControlLayoutCustomIcon"
          >
            <div>
              EuiIconMock
            </div>
          </span>
        </div>
      </div>
    </div>
  </div>
  <div
    class="euiFlexItem euiFlexItem--flexGrowZero"
  >
    <div
      class="euiFormControlLayout"
    >
      <div
        class="euiFormControlLayout__childrenWrapper"
      >
        <select
          class="euiSelect"
        >
          <option
            selected=""
            value="ALL"
          >
            All severity levels
          </option>
          <option
            value="1"
          >
            1
          </option>
          <option
            value="2"
          >
            2
          </option>
          <option
            value="3"
          >
            3
          </option>
          <option
            value="4"
          >
            4
          </option>
          <option
            value="5"
          >
            5
          </option>
        </select>
        <div
          class="euiFormControlLayoutIcons euiFormControlLayoutIcons--right"
        >
          <span
            class="euiFormControlLayoutCustomIcon"
          >
            <div>
              EuiIconMock
            </div>
          </span>
        </div>
      </div>
    </div>
  </div>
  <div
    class="euiFlexItem euiFlexItem--flexGrowZero"
  >
    <div
      class="euiFormControlLayout"
    >
      <div
        class="euiFormControlLayout__childrenWrapper"
      >
        <select
          class="euiSelect"
        >
          <option
            selected=""
            value="ALL"
          >
            All alerts
          </option>
          <option
            value="ACTIVE"
          >
            Active
          </option>
          <option
            value="ACKNOWLEDGED"
          >
            Acknowledged
          </option>
          <option
            value="COMPLETED"
          >
            Completed
          </option>
          <option
            value="ERROR"
          >
            Error
          </option>
          <option
            value="DELETED"
          >
            Deleted
          </option>
        </select>
        <div
          class="euiFormControlLayoutIcons euiFormControlLayoutIcons--right"
        >
          <span
            class="euiFormControlLayoutCustomIcon"
          >
            <div>
              EuiIconMock
            </div>
          </span>
        </div>
      </div>
    </div>
  </div>
  <div
    class="euiFlexItem euiFlexItem--flexGrowZero"
    style="justify-content:center"
  >
    <nav
      class="euiPagination"
    >
      <button
        aria-label="Previous page, 1"
        class="euiButtonIcon euiButtonIcon--text"
        data-test-subj="pagination-button-previous"
        type="button"
      >
        <div>
          EuiIconMock
        </div>
      </button>
      <ul
        class="euiPagination__list"
      >
        <li
          class="euiPagination__item"
        >
          <button
            aria-label="Page 1 of 2"
            class="euiButtonEmpty euiButtonEmpty--text euiButtonEmpty--xSmall euiPaginationButton euiPaginationButton--hideOnMobile"
            data-test-subj="pagination-button-0"
            type="button"
          >
            <span
              class="euiButtonContent euiButtonEmpty__content"
            >
              <span
                class="euiButtonEmpty__text"
              >
                1
              </span>
            </span>
          </button>
        </li>
        <li
          class="euiPagination__item"
        >
          <button
            aria-current="true"
            aria-label="Page 2 of 2"
            class="euiButtonEmpty euiButtonEmpty--text euiButtonEmpty--xSmall euiButtonEmpty-isDisabled euiPaginationButton euiPaginationButton-isActive euiPaginationButton--hideOnMobile"
            data-test-subj="pagination-button-1"
            disabled=""
            type="button"
          >
            <span
              class="euiButtonContent euiButtonEmpty__content"
            >
              <span
                class="euiButtonEmpty__text"
              >
                2
              </span>
            </span>
          </button>
        </li>
      </ul>
      <button
        aria-label="Next page"
        class="euiButtonIcon euiButtonIcon--text"
        data-test-subj="pagination-button-next"
        disabled=""
        type="button"
      >
        <div>
          EuiIconMock
        </div>
      </button>
    </nav>
  </div>
</div>
`;
